b1nodematch.catattrA b1nodematch.catattrA b2nodematch.catattrP b2nodematch.catattrP 
                1987                 1542                  247                  247 
b1nodematch.catattrA b1nodematch.catattrA b2nodematch.catattrP b2nodematch.catattrP 
            1987.000             1570.548              247.000              247.000 
b1nodematch.catattrA b1nodematch.catattrA b2nodematch.catattrP b2nodematch.catattrP 
            1987.000             1601.731              247.000              247.000 
b1nodematch.catattrA b1nodematch.catattrA b2nodematch.catattrP b2nodematch.catattrP 
            1987.000             1635.822              247.000              247.000 
b1nodematch.catattrA b1nodematch.catattrA b2nodematch.catattrP b2nodematch.catattrP 
            1987.000             1673.129              247.000              247.000 
b1nodematch.catattrA b1nodematch.catattrA b2nodematch.catattrP b2nodematch.catattrP 
            1987.000             1713.994              247.000              247.000 
b1nodematch.catattrA b1nodematch.catattrA b2nodematch.catattrP b2nodematch.catattrP 
            1987.000             1758.803              247.000              247.000 
b1nodematch.catattrA b1nodematch.catattrA b2nodematch.catattrP b2nodematch.catattrP 
            1987.000             1807.989              247.000              247.000 
b1nodematch.catattrA b1nodematch.catattrA b2nodematch.catattrP b2nodematch.catattrP 
             1987.00              1862.04               247.00               247.00 
b1nodematch.catattrA b1nodematch.catattrA b2nodematch.catattrP b2nodematch.catattrP 
            1987.000             1921.503              247.000              247.000 
b1nodematch.catattrA b1nodematch.catattrA b2nodematch.catattrP b2nodematch.catattrP 
                1987                 1987                  247                  247 
