Name N L C4 
Four-cycles-4-two-components 9 10 4 
