Name N L C4 
Four-cycles-6 8 12 15 
Ring 10 10 0 
Chain 9 8 0 
Star 10 9 0 
Opsahl 7 7 0 
Four-cycle 4 4 1 
Four-cycles-3 5 6 3 
Two-path 3 2 0 
Grid 6 7 2 
Grid-open 6 6 1 
